[mcaccounts.co/index.html]
[i.imgur.com/E0pxmyh.png]
[backblue.gif]
[fade.gif]
[index.html]
[use.typekit.net/qxb8htk.css]
[mcaccounts.co/assets/vendors/liquid-icon/liquid-icon.min.css]
[kit.fontawesome.com/e6ccc71d84.js]
[mcaccounts.co/assets/css/theme-vendors.min.css]
[mcaccounts.co/assets/css/theme.min.css]
[mcaccounts.co/assets/css/themes/original.css]
[client.crisp.chat/l.js]
[mcaccounts.co/assets/vendors/modernizr.min.js]
[lexholdingsgroup.com/pay/checkout/assets/imgs/coinbase.png]
[lexholdingsgroup.com/pay/checkout/assets/imgs/visamastercard.png]
[lexholdingsgroup.com/pay/checkout/assets/imgs/applepay.png]
[lexholdingsgroup.com/pay/checkout/assets/imgs/paysafecard.png]
[lexholdingsgroup.com/pay/checkout/assets/imgs/sofort.png]
[lexholdingsgroup.com/pay/checkout/assets/imgs/giropay.png]
[lexholdingsgroup.com/pay/checkout/assets/imgs/ideal.png]
[i.imgur.com/I3RerUv.png]
[mcaccounts.co/minecraft.html]
[mcaccounts.co/hypixel.html]
[mcaccounts.co/free-accounts.html]
[mcaccounts.co/assets/vendors/jquery.min.js]
[mcaccounts.co/assets/js/theme-vendors.js]
[mcaccounts.co/assets/js/theme.min.js]
[mcaccounts.co/index.html]
[mcaccounts.co/assets/js/liquidAjaxMailchimp.min.js]
[use.typekit.net/af/d7bb7b/0000000000000000000178a7/27/l652f]
[use.typekit.net/af/d7bb7b/0000000000000000000178a7/27/d652f]
[use.typekit.net/qxb8htk.css]
[use.typekit.net/af/d7bb7b/0000000000000000000178a7/27/a652f]
[mcaccounts.co/assets/vendors/liquid-icon/fonts/liquid-icon.woff]
[mcaccounts.co/assets/vendors/liquid-icon/liquid-icon.min.css]
[mcaccounts.co/assets/vendors/liquid-icon/fonts/liquid-icon.svg]
[mcaccounts.co/assets/vendors/fresco/fresco-skins/sprite.svg]
[mcaccounts.co/assets/vendors/fresco/fresco-skins/sprite.png]
[mcaccounts.co/assets/css/theme-vendors.min.css]
[mcaccounts.co/assets/fonts/GlacialIndifference-Regular.woff2]
[mcaccounts.co/assets/fonts/GlacialIndifference-Regular.woff]
[mcaccounts.co/assets/fonts/GlacialIndifference-Bold.woff2]
[mcaccounts.co/assets/fonts/GlacialIndifference-Bold.woff]
[mcaccounts.co/assets/img/misc/browser-bar.jpg]
[mcaccounts.co/assets/img/spinners/spinner-4-light.svg]
[mcaccounts.co/assets/img/spinners/spinner-1.gif]
[mcaccounts.co/assets/img/spinners/spinner-2.gif]
[mcaccounts.co/assets/css/theme.min.css]
[mcaccounts.co/assets/fonts/cerebri-sans.woff2]
[mcaccounts.co/assets/fonts/cerebri-sans.woff]
[mcaccounts.co/assets/css/themes/original.css]
[mcaccounts.co/minecraft.html]
[mcaccounts.co/hypixel.html]
[www.minecraft.net/content/dam/minecraft/pmp/pmp-minecraft-howitworks-survive.png]
[www.google.com/recaptcha/api.js]
[mcaccounts.co/free-accounts.html]
[p.typekit.net/p6290.css]
[mcaccounts.co/assets/vendors/liquid-icon/fonts/liquid-icon.svg]
[mcaccounts.co/assets/vendors/fresco/fresco-skins/sprite.svg]
[mcaccounts.co/assets/img/spinners/spinner-4-light.svg]
